<html>
<body>
<pre>
<h1>µVision Build Log</h1>
<h2>Tool Versions:</h2>
IDE-Version: µVision V5.43.1.0
Copyright (C) 2025 ARM Ltd and ARM Germany GmbH. All rights reserved.
License Information: Matteo Zylfo, Politecnico di Torino, LIC=----
 
Tool Versions:
Toolchain:       MDK-Lite  Version: 5.43.0.0
Toolchain Path:  C:\Users\Matteo\AppData\Local\Keil_v5\ARM\ARMCLANG\Bin
C Compiler:      ArmClang.exe V6.24
Assembler:       Armasm.exe V6.24
Linker/Locator:  ArmLink.exe V6.24
Library Manager: ArmAr.exe V6.24
Hex Converter:   FromElf.exe V6.24
CPU DLL:         SARMCM3.DLL V5.43.0.0
Dialog DLL:      DARMP1.DLL V1.28.1.0
Target DLL:      UL2CM3.DLL V1.164.16.0
Dialog DLL:      TARMP1.DLL V1.27.1.0
 
<h2>Project:</h2>
C:\Users\Matteo\Desktop\ASE_esercizi\Tetris\sample.uvprojx
Project File Date:  01/07/2026

<h2>Output:</h2>
*** Using Compiler 'V6.24', folder: 'C:\Users\Matteo\AppData\Local\Keil_v5\ARM\ARMCLANG\Bin'
Rebuild target 'SW_DEBUG'
assembling startup_LPC17xx.s...
assembling asm_function.s...
creating preprocessor file for sample.c...
creating preprocessor file for system_LPC17xx.c...
compiling sample.c...
compiling system_LPC17xx.c...
creating preprocessor file for IRQ_timer.c...
compiling IRQ_timer.c...
creating preprocessor file for lib_timer.c...
compiling lib_timer.c...
creating preprocessor file for AsciiLib.c...
compiling AsciiLib.c...
creating preprocessor file for GLCD.c...
creating preprocessor file for HzLib.c...
creating preprocessor file for TouchPanel.c...
compiling GLCD.c...
compiling TouchPanel.c...
creating preprocessor file for funct_led.c...
compiling funct_led.c...
creating preprocessor file for lib_led.c...
creating preprocessor file for IRQ_button.c...
compiling lib_led.c...
compiling HzLib.c...
creating preprocessor file for lib_button.c...
compiling IRQ_button.c...
creating preprocessor file for IRQ_RIT.c...
compiling lib_button.c...
compiling IRQ_RIT.c...
creating preprocessor file for lib_RIT.c...
compiling lib_RIT.c...
creating preprocessor file for funct_joystick.c...
creating preprocessor file for lib_joystick.c...
compiling funct_joystick.c...
compiling lib_joystick.c...
creating preprocessor file for tetris.c...
compiling tetris.c...
linking...
Program Size: Code=14672 RO-data=3584 RW-data=24 ZI-data=2640  
".\Objects\sample_GLCD_TP.axf" - 0 Error(s), 0 Warning(s).

<h2>Software Packages used:</h2>

Package Vendor: ARM
                https://www.keil.com/pack/ARM.CMSIS.6.2.0.pack
                ARM::CMSIS@6.2.0
                CMSIS (Common Microcontroller Software Interface Standard)
   * Component: CORE Version: 6.1.1

Package Vendor: Keil
                https://www.keil.com/pack/Keil.LPC1700_DFP.2.7.2.pack
                Keil::LPC1700_DFP@2.7.2
                NXP LPC1700 Series Device Support, Drivers and Examples for MCB1700 and LPC1788-32

<h2>Collection of Component include folders:</h2>
  ./RTE/_SW_DEBUG
  C:/Users/Matteo/AppData/Local/Arm/Packs/ARM/CMSIS/6.2.0/CMSIS/Core/Include
  C:/Users/Matteo/AppData/Local/Arm/Packs/Keil/LPC1700_DFP/2.7.2/Device/Include

<h2>Collection of Component Files used:</h2>

   * Component: ARM::CMSIS:CORE@6.1.1
Build Time Elapsed:  00:00:05
</pre>
</body>
</html>
